<?xml version="1.0" encoding="utf-8"?>
<?AutomationStudio Version=3.0?>
<Transfer xmlns="http://br-automation.co.at/AS/Transfer">
  <OperatingSystem Version="V2.00"/>
  <Hardware Target="SGC"/>
  <Operation Delete="bnrmain.br"/>
  <Operation Delete="AsTCP.br"/>
  <Operation Delete="sys_lib.br"/>
  <Operation Delete="CAN_Lib.br"/>
  <Operation Delete="DataObj.br"/>
  <Operation Delete="dvframe.br"/>
  <Operation Delete="DM_lib.br"/>
  <Operation Delete="iomap.br"/>
  <Operation Download="asfw.br" Memory="UserROM"/>
  <Operation Download="arconfig.br" Memory="UserROM"/>
  <Operation Download="sysconf.br" Memory="UserROM"/>
  <Operation Restart="cold"/>
  <Operation Download="runtime.br" Memory="UserROM"/>
  <Operation Download="DM_lib.br" Memory="UserROM"/>
  <Operation Download="dvframe.br" Memory="UserROM"/>
  <Operation Restart="cold"/>
  <Operation Download="gcloader.br" Memory="UserROM"/>
  <Operation Download="iomap.br" Memory="UserROM"/>
  <Operation Download="burtrap.br" Memory="UserROM"/>
  <Operation Download="DataObj.br" Memory="UserROM"/>
  <Operation Download="CAN_Lib.br" Memory="UserROM"/>
  <Operation Download="sys_lib.br" Memory="UserROM"/>
  <Operation Download="AsTCP.br" Memory="UserROM"/>
  <Operation Download="bnrmain.br" Memory="UserROM"/>
</Transfer>