D:\Vagez\x20ost\Logical\Global.typ
D:\Vagez\x20ost\Logical\Global.var
D:\Vagez\x20ost\Logical\Libraries\AsTCP\AsTCP.fun
D:\Vagez\x20ost\Logical\Libraries\AsTCP\AsTCP.typ
D:\Vagez\x20ost\Logical\Libraries\AsTCP\AsTCP.var
D:\Vagez\x20ost\Logical\Libraries\CAN_Lib\CAN_Lib.fun
D:\Vagez\x20ost\Logical\Libraries\CAN_Lib\CAN_Lib.typ
D:\Vagez\x20ost\Logical\Libraries\Convert\Convert.fun
D:\Vagez\x20ost\Logical\Libraries\DataObj\DataObj.fun
D:\Vagez\x20ost\Logical\Libraries\DataObj\DataObj.typ
D:\Vagez\x20ost\Logical\Libraries\DataObj\DataObj.var
D:\Vagez\x20ost\Logical\Libraries\DM_lib\dm_lib.fun
D:\Vagez\x20ost\Logical\Libraries\dvframe\dvframe.fun
D:\Vagez\x20ost\Logical\Libraries\dvframe\dvframe.typ
D:\Vagez\x20ost\Logical\Libraries\dvframe\dvframe.var
D:\Vagez\x20ost\Logical\Libraries\Operator\operator.fun
D:\Vagez\x20ost\Logical\Libraries\Runtime\runtime.fun
D:\Vagez\x20ost\Logical\Libraries\Runtime\runtime.typ
D:\Vagez\x20ost\Logical\Libraries\Runtime\runtime.var
D:\Vagez\x20ost\Logical\Libraries\sys_lib\sys_lib.fun
D:\Vagez\x20ost\Logical\Libraries\sys_lib\sys_lib.typ
D:\Vagez\x20ost\Temp\Objects\Config1\PLC1\bnrmain\bnrmainGlobal.typ
D:\Vagez\x20ost\Temp\Objects\Config1\PLC1\bnrmain\bnrmainGlobal.var
