/Logical/bnrmain/bnradmin.c
/Logical/bnrmain/bnradmin.h
/Logical/bnrmain/bnraninput.c
/Logical/bnrmain/bnraninput.h
/Logical/bnrmain/bnrauto.c
/Logical/bnrmain/bnrauto.h
/Logical/bnrmain/bnrchains.c
/Logical/bnrmain/bnrcomputer.c
/Logical/bnrmain/bnrcomputer.h
/Logical/bnrmain/bnrcomserver.c
/Logical/bnrmain/bnrcomserver.h
/Logical/bnrmain/bnrcomvs0.c
/Logical/bnrmain/bnrcomvs0.h
/Logical/bnrmain/bnrcomvs1.c
/Logical/bnrmain/bnrcomvs1.h
/Logical/bnrmain/bnrconfig.c
/Logical/bnrmain/bnrconst.h
/Logical/bnrmain/bnrcount.c
/Logical/bnrmain/bnrcount.h
/Logical/bnrmain/bnrcyclicsystem.c
/Logical/bnrmain/bnrcyclicsystem.h
/Logical/bnrmain/bnrdbout.h
/Logical/bnrmain/bnrdebug.c
/Logical/bnrmain/bnrdebug.h
/Logical/bnrmain/bnrdevice.c
/Logical/bnrmain/bnrdevice.h
/Logical/bnrmain/bnrdevts.c
/Logical/bnrmain/bnrdevts.h
/Logical/bnrmain/bnrdevtu.c
/Logical/bnrmain/bnrdevtu.h
/Logical/bnrmain/bnrdigsensor.c
/Logical/bnrmain/bnrdigsensor.h
/Logical/bnrmain/bnrdirmodule.c
/Logical/bnrmain/bnrdirmodule.h
/Logical/bnrmain/bnrdvs.c
/Logical/bnrmain/bnrdvs.h
/Logical/bnrmain/bnrflash.c
/Logical/bnrmain/bnrflash.h
/Logical/bnrmain/bnrfreq.c
/Logical/bnrmain/bnrfreq.h
/Logical/bnrmain/bnrhardpin.c
/Logical/bnrmain/bnrhardpin.h
/Logical/bnrmain/bnrhconfig.c
/Logical/bnrmain/bnrhconfig.h
/Logical/bnrmain/bnridlesensor.c
/Logical/bnrmain/bnridlesensor.h
/Logical/bnrmain/bnringate.c
/Logical/bnrmain/bnringate.h
/Logical/bnrmain/bnrkp.c
/Logical/bnrmain/bnrkp.h
/Logical/bnrmain/bnrlevel.c
/Logical/bnrmain/bnrlevel.h
/Logical/bnrmain/bnrmain.c
/Logical/bnrmain/bnrmain.h
/Logical/bnrmain/bnrmain.typ
/Logical/bnrmain/bnrmain.var
/Logical/bnrmain/bnrmeasur.c
/Logical/bnrmain/bnrmeasur.h
/Logical/bnrmain/bnrmessage.h
/Logical/bnrmain/bnrmodule101.c
/Logical/bnrmain/bnrmodule101.h
/Logical/bnrmain/bnrmysystem.c
/Logical/bnrmain/bnrmysystem.h
/Logical/bnrmain/bnrmytimer.c
/Logical/bnrmain/bnrmytimer.h
/Logical/bnrmain/bnrobserve.c
/Logical/bnrmain/bnrobserve.h
/Logical/bnrmain/bnrobsys.c
/Logical/bnrmain/bnrobsys.h
/Logical/bnrmain/bnroutgate.c
/Logical/bnrmain/bnroutgate.h
/Logical/bnrmain/bnrpin.c
/Logical/bnrmain/bnrpin.h
/Logical/bnrmain/bnrpob.c
/Logical/bnrmain/bnrpob.h
/Logical/bnrmain/bnrpress.c
/Logical/bnrmain/bnrpress.h
/Logical/bnrmain/bnrprocmanager.c
/Logical/bnrmain/bnrprocmanager.h
/Logical/bnrmain/bnrpunit.c
/Logical/bnrmain/bnrpunit.h
/Logical/bnrmain/bnrregedit.c
/Logical/bnrmain/bnrregedit.h
/Logical/bnrmain/bnrsensr.c
/Logical/bnrmain/bnrsensr.h
/Logical/bnrmain/bnrslide.c
/Logical/bnrmain/bnrslide.h
/Logical/bnrmain/bnrsmartsensor.c
/Logical/bnrmain/bnrsmartsensor.h
/Logical/bnrmain/bnrstgate.c
/Logical/bnrmain/bnrstgate.h
/Logical/bnrmain/bnrsystemtimer.c
/Logical/bnrmain/bnrsystemtimer.h
/Logical/bnrmain/bnrtcpserver.c
/Logical/bnrmain/bnrtcpserver.h
/Logical/bnrmain/bnrtelecontrol.c
/Logical/bnrmain/bnrtelecontrol.h
/Logical/bnrmain/bnrteleind.c
/Logical/bnrmain/bnrteleind.h
/Logical/bnrmain/bnrtelesensor.c
/Logical/bnrmain/bnrtelesensor.h
/Logical/bnrmain/bnrtelesignal.c
/Logical/bnrmain/bnrtelesignal.h
/Logical/bnrmain/bnrtemper.c
/Logical/bnrmain/bnrtemper.h
/Logical/bnrmain/bnrts.c
/Logical/bnrmain/bnrts.h
/Logical/bnrmain/bnrtu.c
/Logical/bnrmain/bnrtu.h
/Logical/bnrmain/multi.c
/Logical/bnrmain/multi.h
/Logical/bnrmain/single.c
/Logical/bnrmain/single.h
/Logical/bnrmain/typedefs.h
/Logical/Global.typ
/Logical/Global.var
/Logical/Libraries/AsTCP/AsTCP.fun
/Logical/Libraries/AsTCP/AsTCP.typ
/Logical/Libraries/AsTCP/AsTCP.var
/Logical/Libraries/CAN_Lib/CAN_Lib.fun
/Logical/Libraries/CAN_Lib/CAN_Lib.typ
/Logical/Libraries/Convert/Convert.fun
/Logical/Libraries/DataObj/DataObj.fun
/Logical/Libraries/DataObj/DataObj.typ
/Logical/Libraries/DataObj/DataObj.var
/Logical/Libraries/DM_lib/dm_lib.fun
/Logical/Libraries/dvframe/dvframe.fun
/Logical/Libraries/dvframe/dvframe.typ
/Logical/Libraries/dvframe/dvframe.var
/Logical/Libraries/Operator/operator.fun
/Logical/Libraries/Runtime/runtime.fun
/Logical/Libraries/Runtime/runtime.typ
/Logical/Libraries/Runtime/runtime.var
/Logical/Libraries/sys_lib/sys_lib.fun
/Logical/Libraries/sys_lib/sys_lib.typ
/Physical/Config1/PLC1/sysconf.br
/Physical/Config1/PLC1/ArConfig.rtc
/Physical/Config1/PLC1/IoMap.iom
/Physical/Config1/PLC1/PvMap.vvm
/Physical/Config1/PLC1/Cpu.sw
